// Jest Snapshot v1, https://goo.gl/fbAQLP

exports[`BusinessList component should match snapshot 1`] = `
<div>
  <Businesses
    businesses={Array []}
    searchBusinesses={[Function]}
    searchedBusinesses={Array []}
    searching={false}
  />
  <Pagination
    paginate={[Function]}
  />
</div>
`;
