// Jest Snapshot v1, https://goo.gl/fbAQLP

exports[`UserDashboard component should match snapshot 1`] = `
<div>
  <_class
    options={Object {}}
  />
  <withRouter(Connect(NavBar)) />
  <div
    className="container"
  >
    <div>
      <h4>
        Hello 
        , welcome to your dashboard
      </h4>
    </div>
    <hr />
    <br />
    <div
      className="fixed-footer"
    >
      <div
        className="table-responsive"
      >
        <table
          className="table table-striped"
        >
          <thead>
            <td>
              <b>
                Name
              </b>
            </td>
            <td>
              <b>
                Category
              </b>
            </td>
            <td>
              <b>
                Location
              </b>
            </td>
            <td>
              <b>
                Description
              </b>
            </td>
            <td>
              <b>
                Review
              </b>
            </td>
          </thead>
          <tbody>
            <div>
               No Businesses found 
            </div>
          </tbody>
        </table>
      </div>
    </div>
  </div>
  <Footer />
</div>
`;
