// Jest Snapshot v1, https://goo.gl/fbAQLP

exports[`EditBusiness component should match snapshot 1`] = `<Route />`;
