// Jest Snapshot v1, https://goo.gl/fbAQLP

exports[`ResetPassword component should match snapshot 1`] = `<Route />`;
