// Jest Snapshot v1, https://goo.gl/fbAQLP

exports[`UserSignup component should match snapshot 1`] = `<Route />`;
