// Jest Snapshot v1, https://goo.gl/fbAQLP

exports[`reviewBusiness should match snapshot 1`] = `
<Component
  addReview={[Function]}
/>
`;
