// Jest Snapshot v1, https://goo.gl/fbAQLP

exports[`EditBusiness should match snapshot 1`] = `
<EditBusiness
  handleChange={[Function]}
  updateBusiness={[Function]}
/>
`;
