// Jest Snapshot v1, https://goo.gl/fbAQLP

exports[`ResetPassword should match snapshot 1`] = `
<div>
  <ResetUserPassword
    Userpassword={[Function]}
  />
</div>
`;
