// Jest Snapshot v1, https://goo.gl/fbAQLP

exports[`UserRegistration should match snapshot 1`] = `
<div>
  <UserRegistration
    signUp={[Function]}
  />
</div>
`;
