// Jest Snapshot v1, https://goo.gl/fbAQLP

exports[`BusinessList component should match snapshot 1`] = `<Route />`;
