// Jest Snapshot v1, https://goo.gl/fbAQLP

exports[`Reviews component should match snapshot 1`] = `<Route />`;
