// Jest Snapshot v1, https://goo.gl/fbAQLP

exports[`Login component should match snapshot 1`] = `<Route />`;

exports[`UserSignup component should match snapshot 1`] = `<Route />`;
